sample-id	input	filtered	percentage of input passed filter	denoised	merged	percentage of input merged	non-chimeric	percentage of input non-chimeric
#q2:types	numeric	numeric	numeric	numeric	numeric	numeric	numeric	numeric
BAQ2420.2	100	99	99	44	21	21	21	21
BAQ3473.2	100	99	99	18	0	0	0	0
BAQ3473.3	100	100	100	49	17	17	17	17
BAQ4166.2	100	99	99	36	0	0	0	0
BAQ4166.3	100	97	97	34	9	9	9	9
PAP130.2	100	98	98	49	0	0	0	0
YUN1005.3	100	100	100	81	65	65	65	65
YUN1242.1	100	97	97	87	65	65	65	65
YUN1242.3	100	99	99	74	53	53	53	53
YUN3153.3	100	100	100	70	28	28	28	28
