sample-id	input	filtered	percentage of input passed filter	denoised	merged	percentage of input merged	non-chimeric	percentage of input non-chimeric
#q2:types	numeric	numeric	numeric	numeric	numeric	numeric	numeric	numeric
BAQ2420.2	100	92	92	34	15	15	15	15
BAQ3473.2	100	95	95	14	0	0	0	0
BAQ3473.3	100	92	92	30	16	16	16	16
BAQ4166.2	100	92	92	20	0	0	0	0
BAQ4166.3	100	89	89	26	9	9	9	9
PAP130.2	100	89	89	43	5	5	5	5
YUN1005.3	100	95	95	76	68	68	68	68
YUN1242.1	100	86	86	81	49	49	49	49
YUN1242.3	100	93	93	76	50	50	50	50
YUN3153.3	100	89	89	64	31	31	31	31
